// Jest Snapshot v1, https://goo.gl/fbAQLP

exports[`Given a MoviesList component when it is rendered should match the snapshot 1`] = `
<div>
  <WithStyles(Grid)
    container={true}
    spacing={24}
  />
</div>
`;
